[choccyorwine.com/quizandmystory.html]
[backblue.gif]
[fade.gif]
[index.html]
[choccyorwine.com/assets/lander.css]
[choccyorwine.com/assets/userevents/application.js]
[use.fontawesome.com/releases/v5.9.0/css/v4-shims.css]
[d2saw6je89goi1.cloudfront.net/uploads/digital_asset/file/506141/love_heart16.png]
[choccyorwine.com/hosted/images/59/fbe7961eb043138beaef2243562227/Lepto-Connect-Background-J.jpg]
[choccyorwine.com/hosted/images/55/68bface35f42ecb5c1630379823705/Up-arrows.png]
[choccyorwine.com/hosted/images/b6/84537c59384cd48cd5b6d4d4bbffd7/Lep-con-d4-a1-image.jpg]
[choccyorwine.com/hosted/images/21/c29cafc56c46c98962765bcd73ad79/Woman-looking-in-mirror-CF.jpg]
[choccyorwine.com/hosted/images/04/fd86394ef14207bba1cd64a180aba7/Upset-Woman.jpg]
[choccyorwine.com/hosted/images/8f/30d718bfab43389afdb9ef8f594f47/CHOCOLATE-OR-WINE-LOGO.jpg]
[choccyorwine.com/quizwithmystory.html]
[choccyorwine.com/termsofservpage.html]
[choccyorwine.com/privacypolpage.html]
[choccyorwine.com/contactusnow.html]
[choccyorwine.com/discagreement.html]
[connect.facebook.net/en_US/sdk.js]
[choccyorwine.com/images/background.png]
[choccyorwine.com/dmcapolicypage.html]
[app.clickfunnels.com/assets/pushcrew.js]
[choccyorwine.com/quizandmystory.html]
[static.cloudflareinsights.com/beacon.min.js]
[choccyorwine.com/vendor.js]
[choccyorwine.com/fonts/glyphicons-halflings-regular.woff]
[choccyorwine.com/fonts/glyphicons-halflings-regular.ttf]
[choccyorwine.com/fonts/glyphicons-halflings-regular.svg]
[choccyorwine.com/assets/lander.js]
[choccyorwine.com/fonts/glyphicons-halflings-regulard41d.eot]
[choccyorwine.com/images/videoplaceholderbg.png]
[choccyorwine.com/images/green_check_big.png]
[choccyorwine.com/fonts/glyphicons-halflings-regular.eot]
[choccyorwine.com/images/green_check_small.png]
[choccyorwine.com/images/red_cross_big.png]
[choccyorwine.com/images/red_cross_small.png]
[choccyorwine.com/images/green_dot_big.png]
[choccyorwine.com/images/green_dot_small.png]
[choccyorwine.com/images/red_dot_big.png]
[choccyorwine.com/images/red_dot_small.png]
[choccyorwine.com/images/img_bullet.png]
[images.clickfunnels.com/11/a994c0076011e68a7a9d34efe8eba6/div-slanted.png]
[choccyorwine.com/images/icon-calendar-t1.svg]
[choccyorwine.com/images/1441849090_Map-Marker-Flag--Right-Azure.png]
[choccyorwine.com/images/1441848773_Map-Marker-Flag--Right-Chartreuse.png]
[choccyorwine.com/images/email.png]
[choccyorwine.com/images/name.png]
[choccyorwine.com/images/phone.png]
[choccyorwine.com/images/address.png]
[choccyorwine.com/images/email2.png]
[choccyorwine.com/images/name2.png]
[choccyorwine.com/images/phone2.png]
[choccyorwine.com/images/address2.png]
[choccyorwine.com/images/email3.png]
[choccyorwine.com/images/name3.png]
[choccyorwine.com/images/phone3.png]
[choccyorwine.com/images/address3.png]
[choccyorwine.com/assets/editor/cf-editor-dropdown-4182a839922e40b7da576cba5169cd7ec5532005c7ebdb98a488a9b0cace665e.svg]
[choccyorwine.com/fonts/vjs.eot]
[choccyorwine.com/fonts/vjs.woff]
[choccyorwine.com/fonts/vjsd41d.eot]
[choccyorwine.com/fonts/vjs.ttf]
[choccyorwine.com/assets/lander.css]
[use.fontawesome.com/releases/v5.9.0/css/v4-shims.css]
[use.fontawesome.com/releases/v5.9.0/css/all.css]
[choccyorwine.com/assets/userevents/application.js]
[choccyorwine.com/nopage_error.html]
[choccyorwine.com/hosted/images/85/d0862da5bd4892bbd106005d294bf9/Lady-and-kidneys-black.jpg]
[choccyorwine.com/quizwithmystory.html]
[www.clickfunnels.com/images/closemodal.png]
[choccyorwine.com/termsofservpage.html]
[assets.clickfunnels.com/images/closemodal.png]
[choccyorwine.com/privacypolpage.html]
[choccyorwine.com/contactusnow.html]
[choccyorwine.com/discagreement.html]
[choccyorwine.com/dmcapolicypage.html]
[choccyorwine.com/quizmystory.html]
[choccyorwine.com/;path=/index.html]
[player.vimeo.com/api/player.js]
[fast.wistia.net/assets/external/E-v1.js]
[choccyorwine.com/mediaelement-flash-video.43.delayed]
[cdnjs.cloudflare.com/ajax/libs/flv.js/1.3.2/flv.min.js]
[js.recurly.com/v3/recurly.js]
[cdnjs.cloudflare.com/ajax/libs/hls.js/0.7.11/hls.min.js]
[choccyorwine.com/Firebase.onDisconnect().47.delayed]
[choccyorwine.com/Firebase.set]
[choccyorwine.com/assets/lander.js]
[connect.facebook.net/en_US/sdk.js]
[app.clickfunnels.com/assets/pushcrew.js]
[choccyorwine.com/fonts/glyphicons-halflings-regular.svg]
[choccyorwine.com/images/icon-calendar-t1.svg]
[choccyorwine.com/assets/editor/cf-editor-dropdown-4182a839922e40b7da576cba5169cd7ec5532005c7ebdb98a488a9b0cace665e.svg]
[choccyorwine.com/assets//fonts/vjs.svg]
[use.fontawesome.com/releases/v5.9.0/css/all.css]
[choccyorwine.com/nopage_error.html]
[images.clickfunnels.com/old-public-templates/master-cf-template/css/master-cf.css]
[choccyorwine.com/hosted/images/48/479e52641541b48294cf0e89c705ad/Lady-and-kidneys-Green.jpg]
[choccyorwine.com/quizmystory.html]
[choccyorwine.com/;path=/index.html]
[choccyorwine.com/index.html]
[choccyorwine.com/mediaelement-flash-video.html]
[choccyorwine.com/Fennec/index.html]
[choccyorwine.com/Firefox/index.html]
[choccyorwine.com/Firebase.onDisconnect().html]
[choccyorwine.com/Firebase.html]
[choccyorwine.com/mystoryandquiz.html]
[images.clickfunnels.com/old-public-templates/master-cf-template/images/email-input-1.png]
[images.clickfunnels.com/old-public-templates/master-cf-template/images/name-input-1.png]
[images.clickfunnels.com/old-public-templates/master-cf-template/images/email-input-2.png]
[images.clickfunnels.com/old-public-templates/master-cf-template/images/name-input-2.png]
[images.clickfunnels.com/old-public-templates/master-cf-template/images/icon-calendar.png]
[images.clickfunnels.com/old-public-templates/master-cf-template/images/icon-clock.png]
[images.clickfunnels.com/old-public-templates/master-cf-template/images/icon-sms.png]
[images.clickfunnels.com/old-public-templates/master-cf-template/css/master-cf.css]
[choccyorwine.com/hosted/images/9c/a5c54c8a9c4adc85f05c1e8045c671/Lady-and-Liver-Black.jpg]
[choccyorwine.com/hosted/images/3e/d27ac809b644d39314d2ebfc2071ec/Lady-and-Liver-Green.jpg]
[choccyorwine.com/mystoryandquiz.html]
